// Jest Snapshot v1, https://goo.gl/fbAQLP

exports[`should correctly render ExpensesSummary for 1 expense 1`] = `
<h1>
  Viewing 
   
  expenses
   totalling 
  0,00 €
</h1>
`;

exports[`should correctly render ExpensesSummary for multiple expenses 1`] = `
<h1>
  Viewing 
   
  expenses
   totalling 
  0,00 €
</h1>
`;
